* table
-N chain
-A chain -f foo -b bar
-I chain 2 -f foo -b bar
-A chain -f foo -b baz
COMMIT