-t table -N chain
-t table -I chain 1 -f foo -b bar
-t table -I chain 2 -f foo -b baaz
-t table -I chain 3 -f foo -b baz