-t table -N chain
-t table -I chain 2 -f foo -b bar