* table
-N chain
-I chain 1 -f foo -b bar
-I chain 2 -f foo -b baaz
-I chain 3 -f foo -b baz
COMMIT