-t table -N chain
-t table -A chain -f foo -b bar
-t table -I chain 2 -f foo -b bar
-t table -A chain -f foo -b baz
-t nat -A PREROUTING -f foo -b bar