* table
-N chain
-A chain -f foo -b bar
-I chain 2 -f foo -b bar
-I chain 1 -f foo -b bar
COMMIT