apiVersion: gateway.networking.k8s.io/v1beta1
kind: Gateway
metadata:
  creationTimestamp: null
  name: eastwestgateway
  namespace: istio-system
spec: null
---
apiVersion: gateway.networking.k8s.io/v1alpha2
kind: TLSRoute
metadata:
  creationTimestamp: null
  name: eastwestgateway-grpc
  namespace: istio-system
spec: null
status:
  parents: []
---
apiVersion: gateway.networking.k8s.io/v1alpha2
kind: TLSRoute
metadata:
  creationTimestamp: null
  name: eastwestgateway-webhook
  namespace: istio-system
spec: null
status:
  parents: []
---
