{
  "cniVersion": "0.4.0",
  "name": "dbnet",
  "plugins": [
    {
      "args": {
        "labels": {
          "appVersion": "1.0"
        }
      },
      "bridge": "cni0",
      "dns": {
        "nameservers": [
          "10.1.0.1"
        ]
      },
      "ipam": {
        "gateway": "10.1.0.1",
        "subnet": "10.1.0.0/16",
        "type": "host-local"
      },
      "type": "bridge"
    },
    {
      "sysctl": {
        "net.core.somaxconn": "500"
      },
      "type": "tuning"
    },
    {
      "ambient_enabled": false,
      "cni_event_address": "",
      "dns": {},
      "ipam": {},
      "kubernetes": {
        "exclude_namespaces": [
          ""
        ],
        "kubeconfig": "/path/to/kubeconfig"
      },
      "log_uds_address": "",
      "name": "istio-cni",
      "plugin_log_level": "debug",
      "type": "istio-cni"
    }
  ]
}
